ℹ [596/707] Replayed BooleanReduction
info: BooleanReduction.lean:148:0: 'NMF.sat_iff_nae' depends on axioms: [propext, Classical.choice, Quot.sound]
info: BooleanReduction.lean:149:0: 'NMF.nae_to_sat' depends on axioms: [propext, Quot.sound]
info: BooleanReduction.lean:151:0: 'NMF.padding_preserves_source' depends on axioms: [propext, Quot.sound]
info: BooleanReduction.lean:152:0: 'NMF.empty_clause_unsatisfiable' depends on axioms: [propext, Quot.sound]
ℹ [2430/2439] Replayed Stability
info: Stability.lean:771:0: 'NMF.endpoint_identity' depends on axioms: [propext, Classical.choice, Quot.sound]
info: Stability.lean:772:0: 'NMF.endpoint_distance' depends on axioms: [propext, Classical.choice, Quot.sound]
info: Stability.lean:773:0: 'NMF.endpoint_rounding' depends on axioms: [propext, Classical.choice, Quot.sound]
info: Stability.lean:775:0: 'NMF.nonnegative_endpoint_rounding' depends on axioms: [propext, Classical.choice, Quot.sound]
info: Stability.lean:777:0: 'NMF.normalize_error' depends on axioms: [propext, Classical.choice, Quot.sound]
info: Stability.lean:779:0: 'NMF.projection_error_split' depends on axioms: [propext, Classical.choice, Quot.sound]
info: Stability.lean:781:0: 'NMF.projection_base_residual' depends on axioms: [propext, Classical.choice, Quot.sound]
info: Stability.lean:783:0: 'NMF.projection_ones_trace' depends on axioms: [propext, Classical.choice, Quot.sound]
info: Stability.lean:785:0: 'NMF.projection_error_identity' depends on axioms: [propext, Classical.choice, Quot.sound]
info: Stability.lean:787:0: 'NMF.near_optimal_projection_bounds' depends on axioms: [propext, Classical.choice, Quot.sound]
info: Stability.lean:789:0: 'NMF.exists_column_projection' depends on axioms: [propext, Classical.choice, Quot.sound]
info: Stability.lean:791:0: 'NMF.rank_two_of_near_optimal' depends on axioms: [propext, Classical.choice, Quot.sound]
info: Stability.lean:793:0: 'NMF.stability' depends on axioms: [propext, Classical.choice, Quot.sound]
ℹ [2431/2439] Replayed Recovery
info: Recovery.lean:71:0: 'NMF.stable_witness_recovery' depends on axioms: [propext, Classical.choice, Quot.sound]
ℹ [2432/2439] Replayed Perturbation
info: Perturbation.lean:224:0: 'NMF.accepted_base_loss' depends on axioms: [propext, Classical.choice, Quot.sound]
info: Perturbation.lean:225:0: 'NMF.perturbation_loss_lower' depends on axioms: [propext, Classical.choice, Quot.sound]
info: Perturbation.lean:227:0: 'NMF.chosen_parameter_bounds' depends on axioms: [propext, Classical.choice, Quot.sound]
info: Perturbation.lean:229:0: 'NMF.accepted_factor_rounding' depends on axioms: [propext, Classical.choice, Quot.sound]
ℹ [2433/2439] Replayed CutMatrix
info: CutMatrix.lean:251:0: 'NMF.block_pairing_cut' depends on axioms: [propext, Classical.choice, Quot.sound]
info: CutMatrix.lean:252:0: 'NMF.base_block_pairing' depends on axioms: [propext, Classical.choice, Quot.sound]
info: CutMatrix.lean:254:0: 'NMF.block_perturbed_loss' depends on axioms: [propext, Classical.choice, Quot.sound]
info: CutMatrix.lean:255:0: 'NMF.block_has_nonnegative_factors' depends on axioms: [propext, Classical.choice, Quot.sound]
info: CutMatrix.lean:257:0: 'NMF.integer_density_gap' depends on axioms: [propext, Classical.choice, Quot.sound]
info: CutMatrix.lean:258:0: 'NMF.accepted_cut_density' depends on axioms: [propext, Classical.choice, Quot.sound]
info: CutMatrix.lean:259:0: 'NMF.cut_witness_feasible' depends on axioms: [propext, Classical.choice, Quot.sound]
info: CutMatrix.lean:261:0: 'NMF.integer_cut_density_gap' depends on axioms: [propext, Classical.choice, Quot.sound]
info: CutMatrix.lean:263:0: 'NMF.identity_three_infeasible' depends on axioms: [propext, Classical.choice, Quot.sound]
info: CutMatrix.lean:264:0: 'NMF.zero_target_feasible' depends on axioms: [propext, Classical.choice, Quot.sound]
ℹ [2434/2439] Replayed GraphReduction
info: GraphReduction.lean:249:0: 'NMF.nae_graph_saturation' depends on axioms: [propext, Classical.choice, Quot.sound]
info: GraphReduction.lean:250:0: 'NMF.nae_graph_complete' depends on axioms: [propext, Classical.choice, Quot.sound]
info: GraphReduction.lean:251:0: 'NMF.sat_graph_sound' depends on axioms: [propext, Classical.choice, Quot.sound]
info: GraphReduction.lean:253:0: 'NMF.matching_density_sound' depends on axioms: [propext, Classical.choice, Quot.sound]
info: GraphReduction.lean:254:0: 'NMF.chosen_matching_weight' depends on axioms: [propext, Classical.choice, Quot.sound]
info: GraphReduction.lean:256:0: 'NMF.directed_cut_edge' depends on axioms: [propext, Classical.choice, Quot.sound]
info: GraphReduction.lean:258:0: 'NMF.sat_graph_matrix_sound' depends on axioms: [propext, Classical.choice, Quot.sound]
info: GraphReduction.lean:260:0: 'NMF.padded_source_graph_equivalence' depends on axioms: [propext, Classical.choice, Quot.sound]
⚠ [2436/2439] Replayed ReductionProof
warning: ReductionProof.lean:39:45: Try `simp at hj` instead of `simpa using hj`

Note: This linter can be disabled with `set_option linter.unnecessarySimpa false`
info: ReductionProof.lean:192:0: 'NMF.Reduction.integer_scale_bounds' depends on axioms: [propext, Classical.choice, Quot.sound]
info: ReductionProof.lean:194:0: 'NMF.Reduction.cut_target_correct' depends on axioms: [propext, Classical.choice, Quot.sound]
✖ [2437/2439] Building MatchingProof (10s)
trace: .> LEAN_PATH=/Users/xiweipan/Codes/nonnegative-rank-two-approximation/formal/.lake/packages/Cli/.lake/build/lib/lean:/Users/xiweipan/Codes/nonnegative-rank-two-approximation/formal/.lake/packages/batteries/.lake/build/lib/lean:/Users/xiweipan/Codes/nonnegative-rank-two-approximation/formal/.lake/packages/Qq/.lake/build/lib/lean:/Users/xiweipan/Codes/nonnegative-rank-two-approximation/formal/.lake/packages/aesop/.lake/build/lib/lean:/Users/xiweipan/Codes/nonnegative-rank-two-approximation/formal/.lake/packages/proofwidgets/.lake/build/lib/lean:/Users/xiweipan/Codes/nonnegative-rank-two-approximation/formal/.lake/packages/importGraph/.lake/build/lib/lean:/Users/xiweipan/Codes/nonnegative-rank-two-approximation/formal/.lake/packages/LeanSearchClient/.lake/build/lib/lean:/Users/xiweipan/Codes/nonnegative-rank-two-approximation/formal/.lake/packages/plausible/.lake/build/lib/lean:/Users/xiweipan/Codes/nonnegative-rank-two-approximation/formal/.lake/packages/mathlib/.lake/build/lib/lean:/Users/xiweipan/Codes/nonnegative-rank-two-approximation/formal/.lake/build/lib/lean /Users/xiweipan/.elan/toolchains/leanprover--lean4---v4.32.2/bin/lean /Users/xiweipan/Codes/nonnegative-rank-two-approximation/formal/MatchingProof.lean -o /Users/xiweipan/Codes/nonnegative-rank-two-approximation/formal/.lake/build/lib/lean/MatchingProof.olean -i /Users/xiweipan/Codes/nonnegative-rank-two-approximation/formal/.lake/build/lib/lean/MatchingProof.ilean -c /Users/xiweipan/Codes/nonnegative-rank-two-approximation/formal/.lake/build/ir/MatchingProof.c --setup /Users/xiweipan/Codes/nonnegative-rank-two-approximation/formal/.lake/build/ir/MatchingProof.setup.json --json
error: MatchingProof.lean:224:4: mod_cast has type
  directedCut (complementMatrix B) color +
      ((directedCut B fun i => color (mateIndex i false)) + matchingWeight B * mateCount color) =
    matchingWeight B * a * b
but is expected to have type
  directedCut (complementMatrix B) color +
      ((directedCut B fun i => color (mateIndex i false)) + matchingWeight B * mateCount color) =
    matchingWeight B * (a * b)
error: MatchingProof.lean:230:39: Tactic `rewrite` failed: Did not find an occurrence of the pattern
  2 * ↑h - ↑S.card
in the target expression
  ↑(directedCut (complementMatrix B) fun i => decide (i ∈ S)) / (↑S.card * (↑(2 * h) - ↑S.card)) ≤
    ↑(complementThreshold B K)

h : ℕ
hh : 2 ≤ h
B : Matrix (Fin h) (Fin h) ℕ
hsym : B.transpose = B
K : ℕ
S : Finset (Fin (2 * h))
hSp : 0 < S.card
hSn : S.card < 2 * h
color : Fin (2 * h) → Bool := fun i => decide (i ∈ S)
a : ℕ := S.card
b : ℕ := 2 * h - S.card
ha : 0 < a
hb : 0 < b
hab : a + b = 2 * h
hsize : sideSize color = a
hsize' : (sideSize fun i => !color i) = b
hcomp :
  directedCut (complementMatrix B) color +
      ((directedCut B fun i => color (mateIndex i false)) + matchingWeight B * mateCount color) =
    matchingWeight B * a * b
hbcast : ↑b = 2 * ↑h - ↑S.card
hreal :
  ↑(directedCut (complementMatrix B) color) +
      (↑(directedCut B fun i => color (mateIndex i false)) + ↑(matchingWeight B) * ↑(mateCount color)) =
    ↑(matchingWeight B) * (↑a * ↑b)
hden : 0 < ↑a * ↑b
hc :
  ↑(directedCut (complementMatrix B) fun i => decide (i ∈ S)) / (↑S.card * (↑(2 * h) - ↑S.card)) ≤
    ↑(complementThreshold B K)
⊢ ↑(directedCut (complementMatrix B) color) / (↑a * ↑b) ≤ ↑(matchingWeight B) - ↑(matchingWeight B) / ↑h - ↑K / ↑h ^ 2
info: MatchingProof.lean:253:0: 'NMF.Reduction.cut_complement' depends on axioms: [propext, Classical.choice, Quot.sound]
info: MatchingProof.lean:254:0: 'NMF.Reduction.cut_le_half_total' depends on axioms: [propext, Classical.choice, Quot.sound]
info: MatchingProof.lean:256:0: 'NMF.Reduction.mate_count_bounds' depends on axioms: [propext, Classical.choice, Quot.sound]
info: MatchingProof.lean:257:0: 'NMF.Reduction.mate_count_saturated' depends on axioms: [propext, Classical.choice, Quot.sound]
info: MatchingProof.lean:259:0: 'NMF.Reduction.matching_cut_identity' depends on axioms: [propext, Classical.choice, Quot.sound]
info: MatchingProof.lean:261:0: 'NMF.Reduction.complement_cut_sound' depends on axioms: [propext, sorryAx, Classical.choice, Quot.sound]
error: Lean exited with code 1
Some required targets logged failures:
- MatchingProof
error: build failed
