ℹ [596/764] Replayed BooleanReduction
info: BooleanReduction.lean:148:0: 'NMF.sat_iff_nae' depends on axioms: [propext, Classical.choice, Quot.sound]
info: BooleanReduction.lean:149:0: 'NMF.nae_to_sat' depends on axioms: [propext, Quot.sound]
info: BooleanReduction.lean:151:0: 'NMF.padding_preserves_source' depends on axioms: [propext, Quot.sound]
info: BooleanReduction.lean:152:0: 'NMF.empty_clause_unsatisfiable' depends on axioms: [propext, Quot.sound]
ℹ [2430/2438] Replayed Stability
info: Stability.lean:771:0: 'NMF.endpoint_identity' depends on axioms: [propext, Classical.choice, Quot.sound]
info: Stability.lean:772:0: 'NMF.endpoint_distance' depends on axioms: [propext, Classical.choice, Quot.sound]
info: Stability.lean:773:0: 'NMF.endpoint_rounding' depends on axioms: [propext, Classical.choice, Quot.sound]
info: Stability.lean:775:0: 'NMF.nonnegative_endpoint_rounding' depends on axioms: [propext, Classical.choice, Quot.sound]
info: Stability.lean:777:0: 'NMF.normalize_error' depends on axioms: [propext, Classical.choice, Quot.sound]
info: Stability.lean:779:0: 'NMF.projection_error_split' depends on axioms: [propext, Classical.choice, Quot.sound]
info: Stability.lean:781:0: 'NMF.projection_base_residual' depends on axioms: [propext, Classical.choice, Quot.sound]
info: Stability.lean:783:0: 'NMF.projection_ones_trace' depends on axioms: [propext, Classical.choice, Quot.sound]
info: Stability.lean:785:0: 'NMF.projection_error_identity' depends on axioms: [propext, Classical.choice, Quot.sound]
info: Stability.lean:787:0: 'NMF.near_optimal_projection_bounds' depends on axioms: [propext, Classical.choice, Quot.sound]
info: Stability.lean:789:0: 'NMF.exists_column_projection' depends on axioms: [propext, Classical.choice, Quot.sound]
info: Stability.lean:791:0: 'NMF.rank_two_of_near_optimal' depends on axioms: [propext, Classical.choice, Quot.sound]
info: Stability.lean:793:0: 'NMF.stability' depends on axioms: [propext, Classical.choice, Quot.sound]
ℹ [2431/2438] Replayed Recovery
info: Recovery.lean:71:0: 'NMF.stable_witness_recovery' depends on axioms: [propext, Classical.choice, Quot.sound]
ℹ [2432/2438] Replayed Perturbation
info: Perturbation.lean:224:0: 'NMF.accepted_base_loss' depends on axioms: [propext, Classical.choice, Quot.sound]
info: Perturbation.lean:225:0: 'NMF.perturbation_loss_lower' depends on axioms: [propext, Classical.choice, Quot.sound]
info: Perturbation.lean:227:0: 'NMF.chosen_parameter_bounds' depends on axioms: [propext, Classical.choice, Quot.sound]
info: Perturbation.lean:229:0: 'NMF.accepted_factor_rounding' depends on axioms: [propext, Classical.choice, Quot.sound]
ℹ [2433/2438] Replayed CutMatrix
info: CutMatrix.lean:251:0: 'NMF.block_pairing_cut' depends on axioms: [propext, Classical.choice, Quot.sound]
info: CutMatrix.lean:252:0: 'NMF.base_block_pairing' depends on axioms: [propext, Classical.choice, Quot.sound]
info: CutMatrix.lean:254:0: 'NMF.block_perturbed_loss' depends on axioms: [propext, Classical.choice, Quot.sound]
info: CutMatrix.lean:255:0: 'NMF.block_has_nonnegative_factors' depends on axioms: [propext, Classical.choice, Quot.sound]
info: CutMatrix.lean:257:0: 'NMF.integer_density_gap' depends on axioms: [propext, Classical.choice, Quot.sound]
info: CutMatrix.lean:258:0: 'NMF.accepted_cut_density' depends on axioms: [propext, Classical.choice, Quot.sound]
info: CutMatrix.lean:259:0: 'NMF.cut_witness_feasible' depends on axioms: [propext, Classical.choice, Quot.sound]
info: CutMatrix.lean:261:0: 'NMF.integer_cut_density_gap' depends on axioms: [propext, Classical.choice, Quot.sound]
info: CutMatrix.lean:263:0: 'NMF.identity_three_infeasible' depends on axioms: [propext, Classical.choice, Quot.sound]
info: CutMatrix.lean:264:0: 'NMF.zero_target_feasible' depends on axioms: [propext, Classical.choice, Quot.sound]
ℹ [2434/2438] Replayed GraphReduction
info: GraphReduction.lean:249:0: 'NMF.nae_graph_saturation' depends on axioms: [propext, Classical.choice, Quot.sound]
info: GraphReduction.lean:250:0: 'NMF.nae_graph_complete' depends on axioms: [propext, Classical.choice, Quot.sound]
info: GraphReduction.lean:251:0: 'NMF.sat_graph_sound' depends on axioms: [propext, Classical.choice, Quot.sound]
info: GraphReduction.lean:253:0: 'NMF.matching_density_sound' depends on axioms: [propext, Classical.choice, Quot.sound]
info: GraphReduction.lean:254:0: 'NMF.chosen_matching_weight' depends on axioms: [propext, Classical.choice, Quot.sound]
info: GraphReduction.lean:256:0: 'NMF.directed_cut_edge' depends on axioms: [propext, Classical.choice, Quot.sound]
info: GraphReduction.lean:258:0: 'NMF.sat_graph_matrix_sound' depends on axioms: [propext, Classical.choice, Quot.sound]
info: GraphReduction.lean:260:0: 'NMF.padded_source_graph_equivalence' depends on axioms: [propext, Classical.choice, Quot.sound]
✖ [2436/2438] Building ReductionProof (9.7s)
trace: .> LEAN_PATH=/Users/xiweipan/Codes/nonnegative-rank-two-approximation/formal/.lake/packages/Cli/.lake/build/lib/lean:/Users/xiweipan/Codes/nonnegative-rank-two-approximation/formal/.lake/packages/batteries/.lake/build/lib/lean:/Users/xiweipan/Codes/nonnegative-rank-two-approximation/formal/.lake/packages/Qq/.lake/build/lib/lean:/Users/xiweipan/Codes/nonnegative-rank-two-approximation/formal/.lake/packages/aesop/.lake/build/lib/lean:/Users/xiweipan/Codes/nonnegative-rank-two-approximation/formal/.lake/packages/proofwidgets/.lake/build/lib/lean:/Users/xiweipan/Codes/nonnegative-rank-two-approximation/formal/.lake/packages/importGraph/.lake/build/lib/lean:/Users/xiweipan/Codes/nonnegative-rank-two-approximation/formal/.lake/packages/LeanSearchClient/.lake/build/lib/lean:/Users/xiweipan/Codes/nonnegative-rank-two-approximation/formal/.lake/packages/plausible/.lake/build/lib/lean:/Users/xiweipan/Codes/nonnegative-rank-two-approximation/formal/.lake/packages/mathlib/.lake/build/lib/lean:/Users/xiweipan/Codes/nonnegative-rank-two-approximation/formal/.lake/build/lib/lean /Users/xiweipan/.elan/toolchains/leanprover--lean4---v4.32.2/bin/lean /Users/xiweipan/Codes/nonnegative-rank-two-approximation/formal/ReductionProof.lean -o /Users/xiweipan/Codes/nonnegative-rank-two-approximation/formal/.lake/build/lib/lean/ReductionProof.olean -i /Users/xiweipan/Codes/nonnegative-rank-two-approximation/formal/.lake/build/lib/lean/ReductionProof.ilean -c /Users/xiweipan/Codes/nonnegative-rank-two-approximation/formal/.lake/build/ir/ReductionProof.c --setup /Users/xiweipan/Codes/nonnegative-rank-two-approximation/formal/.lake/build/ir/ReductionProof.setup.json --json
warning: ReductionProof.lean:39:45: Try `simp at hj` instead of `simpa using hj`

Note: This linter can be disabled with `set_option linter.unnecessarySimpa false`
error: ReductionProof.lean:76:20: linarith failed to find a contradiction
case refine_2.right
n : ℕ
hn : 3 ≤ n
A : Matrix (Fin n) (Fin n) ℕ
d cap : ℕ
k : ℚ
hk : 0 ≤ k
hkc : k ≤ ↑cap
T : ℝ := ∑ i, ∑ j, ↑(A i j)
hT : 0 ≤ ∑ i, ∑ j, ↑(A i j)
hnreal : 3 ≤ ↑n
hden : 1 ≤ ↑k.den
hg : 0 < 1 / (↑k.den * ↑n ^ 2)
hg1 : 1 / (↑k.den * ↑n ^ 2) ≤ 1
hnorm : ‖Matrix.of fun i j => ↑(A i j)‖ ≤ ∑ i, ∑ j, Matrix.of (fun i j => ↑(A i j)) i j
htrace : (Matrix.of fun i j => ↑(A i j)).trace ≤ ∑ i, ∑ j, Matrix.of (fun i j => ↑(A i j)) i j
htrace0 : 0 ≤ (Matrix.of fun i j => ↑(A i j)).trace
hkr : 0 ≤ ↑k
hkcr : ↑k ≤ ↑cap
hterm : ↑n * (↑k + 1 / (↑k.den * ↑n ^ 2) / 2) ≤ ↑n * (↑cap + 1)
hterm0 : 0 ≤ ↑n * (↑k + 1 / (↑k.den * ↑n ^ 2) / 2)
a✝ :
  1 + ↑n + ∑ x, ∑ x_1, ↑(A x x_1) + 2 * ↑d + ↑n * (↑cap + 1) <
    (Matrix.of fun i j => ↑(A i j)).trace - 2 * ↑d + ↑n * (↑k + 1 / (↑k.den * ↑n ^ 2) / 2)
⊢ False
failed
info: ReductionProof.lean:82:0: 'NMF.Reduction.integer_scale_bounds' depends on axioms: [propext, sorryAx, Classical.choice, Quot.sound]
error: Lean exited with code 1
Some required targets logged failures:
- ReductionProof
error: build failed
