✖ [2429/2430] Building Stability (9.7s)
trace: .> LEAN_PATH=/Users/xiweipan/Codes/reduction-research/campaigns/nonnegative-rank-two-approximation/formal/.lake/packages/Cli/.lake/build/lib/lean:/Users/xiweipan/Codes/reduction-research/campaigns/nonnegative-rank-two-approximation/formal/.lake/packages/batteries/.lake/build/lib/lean:/Users/xiweipan/Codes/reduction-research/campaigns/nonnegative-rank-two-approximation/formal/.lake/packages/Qq/.lake/build/lib/lean:/Users/xiweipan/Codes/reduction-research/campaigns/nonnegative-rank-two-approximation/formal/.lake/packages/aesop/.lake/build/lib/lean:/Users/xiweipan/Codes/reduction-research/campaigns/nonnegative-rank-two-approximation/formal/.lake/packages/proofwidgets/.lake/build/lib/lean:/Users/xiweipan/Codes/reduction-research/campaigns/nonnegative-rank-two-approximation/formal/.lake/packages/importGraph/.lake/build/lib/lean:/Users/xiweipan/Codes/reduction-research/campaigns/nonnegative-rank-two-approximation/formal/.lake/packages/LeanSearchClient/.lake/build/lib/lean:/Users/xiweipan/Codes/reduction-research/campaigns/nonnegative-rank-two-approximation/formal/.lake/packages/plausible/.lake/build/lib/lean:/Users/xiweipan/Codes/reduction-research/campaigns/nonnegative-rank-two-approximation/formal/.lake/packages/mathlib/.lake/build/lib/lean:/Users/xiweipan/Codes/reduction-research/campaigns/nonnegative-rank-two-approximation/formal/.lake/build/lib/lean /Users/xiweipan/.elan/toolchains/leanprover--lean4---v4.32.2/bin/lean /Users/xiweipan/Codes/reduction-research/campaigns/nonnegative-rank-two-approximation/formal/Stability.lean -o /Users/xiweipan/Codes/reduction-research/campaigns/nonnegative-rank-two-approximation/formal/.lake/build/lib/lean/Stability.olean -i /Users/xiweipan/Codes/reduction-research/campaigns/nonnegative-rank-two-approximation/formal/.lake/build/lib/lean/Stability.ilean -c /Users/xiweipan/Codes/reduction-research/campaigns/nonnegative-rank-two-approximation/formal/.lake/build/ir/Stability.c --setup /Users/xiweipan/Codes/reduction-research/campaigns/nonnegative-rank-two-approximation/formal/.lake/build/ir/Stability.setup.json --json
warning: Stability.lean:416:32: Variable name `hn` is not explicitly referenced.

The binding can be removed (if unused) or named `_` (if used implicitly).

Note: This linter can be disabled with `set_option linter.unusedVariables false`
error: Stability.lean:561:67: unsolved goals
n : ℕ
v : EuclideanSpace ℝ (Fin n)
⊢ ∑ x, (√↑n)⁻¹ * v.ofLp x = (∑ x, v.ofLp x) * (√↑n)⁻¹
warning: Stability.lean:562:36: This simp argument is unused:
  ← Finset.sum_mul

Hint: Omit it from the simp argument list.
  simp [PiLp.inner_apply, unitOnes, ←̵ ̵F̵i̵n̵s̵e̵t̵.̵s̵u̵m̵_̵m̵u̵l̵,̵ ̵mul_comm]

Note: Simp arguments with `←` have the additional effect of removing the other direction from the simp set, even if the simp argument itself is unused. If the hint above does not work, try replacing `←` with `-` to only get that effect and silence this warning.

Note: This linter can be disabled with `set_option linter.unusedSimpArgs false`
warning: Stability.lean:562:54: This simp argument is unused:
  mul_comm

Hint: Omit it from the simp argument list.
  simp [PiLp.inner_apply, unitOnes, ← Finset.sum_mul,̵ ̵m̵u̵l̵_̵c̵o̵m̵m̵]

Note: This linter can be disabled with `set_option linter.unusedSimpArgs false`
error: Stability.lean:577:2: `simp` made no progress
warning: Stability.lean:623:31: This simp argument is unused:
  add_left_comm

Hint: Omit it from the simp argument list.
  simp [blockMatrix, hvalues, hi, hj, Matrix.vecMulVec_apply, ← pow_two, hc, hd, hcd, mul_comm,
  ̲  ̲ ̲ ̲ ̲ ̲a̵d̵d̵_̵c̵o̵m̵m̵,̵ ̵a̵d̵d̵_̵l̵e̵f̵t̵_̵c̵o̵m̵m̵]̵a̲d̲d̲_̲c̲o̲m̲m̲]̲

Note: This linter can be disabled with `set_option linter.unusedSimpArgs false`
info: Stability.lean:627:0: 'NMF.endpoint_identity' depends on axioms: [propext, Classical.choice, Quot.sound]
info: Stability.lean:628:0: 'NMF.endpoint_distance' depends on axioms: [propext, Classical.choice, Quot.sound]
info: Stability.lean:629:0: 'NMF.endpoint_rounding' depends on axioms: [propext, Classical.choice, Quot.sound]
info: Stability.lean:631:0: 'NMF.nonnegative_endpoint_rounding' depends on axioms: [propext, Classical.choice, Quot.sound]
info: Stability.lean:633:0: 'NMF.normalize_error' depends on axioms: [propext, Classical.choice, Quot.sound]
info: Stability.lean:635:0: 'NMF.projection_error_split' depends on axioms: [propext, Classical.choice, Quot.sound]
info: Stability.lean:637:0: 'NMF.projection_base_residual' depends on axioms: [propext, Classical.choice, Quot.sound]
info: Stability.lean:639:0: 'NMF.projection_ones_trace' depends on axioms: [propext, Classical.choice, Quot.sound]
info: Stability.lean:641:0: 'NMF.projection_error_identity' depends on axioms: [propext, Classical.choice, Quot.sound]
info: Stability.lean:643:0: 'NMF.near_optimal_projection_bounds' depends on axioms: [propext, Classical.choice, Quot.sound]
info: Stability.lean:645:0: 'NMF.exists_column_projection' depends on axioms: [propext, Classical.choice, Quot.sound]
info: Stability.lean:647:0: 'NMF.rank_two_of_near_optimal' depends on axioms: [propext, Classical.choice, Quot.sound]
error: Lean exited with code 1
Some required targets logged failures:
- Stability
error: build failed
