ℹ [2429/2438] Replayed Stability
info: Stability.lean:771:0: 'NMF.endpoint_identity' depends on axioms: [propext, Classical.choice, Quot.sound]
info: Stability.lean:772:0: 'NMF.endpoint_distance' depends on axioms: [propext, Classical.choice, Quot.sound]
info: Stability.lean:773:0: 'NMF.endpoint_rounding' depends on axioms: [propext, Classical.choice, Quot.sound]
info: Stability.lean:775:0: 'NMF.nonnegative_endpoint_rounding' depends on axioms: [propext, Classical.choice, Quot.sound]
info: Stability.lean:777:0: 'NMF.normalize_error' depends on axioms: [propext, Classical.choice, Quot.sound]
info: Stability.lean:779:0: 'NMF.projection_error_split' depends on axioms: [propext, Classical.choice, Quot.sound]
info: Stability.lean:781:0: 'NMF.projection_base_residual' depends on axioms: [propext, Classical.choice, Quot.sound]
info: Stability.lean:783:0: 'NMF.projection_ones_trace' depends on axioms: [propext, Classical.choice, Quot.sound]
info: Stability.lean:785:0: 'NMF.projection_error_identity' depends on axioms: [propext, Classical.choice, Quot.sound]
info: Stability.lean:787:0: 'NMF.near_optimal_projection_bounds' depends on axioms: [propext, Classical.choice, Quot.sound]
info: Stability.lean:789:0: 'NMF.exists_column_projection' depends on axioms: [propext, Classical.choice, Quot.sound]
info: Stability.lean:791:0: 'NMF.rank_two_of_near_optimal' depends on axioms: [propext, Classical.choice, Quot.sound]
info: Stability.lean:793:0: 'NMF.stability' depends on axioms: [propext, Classical.choice, Quot.sound]
ℹ [2431/2438] Replayed Recovery
info: Recovery.lean:71:0: 'NMF.stable_witness_recovery' depends on axioms: [propext, Classical.choice, Quot.sound]
ℹ [2433/2438] Replayed BooleanReduction
info: BooleanReduction.lean:108:0: 'NMF.sat_iff_nae' depends on axioms: [propext, Classical.choice, Quot.sound]
info: BooleanReduction.lean:109:0: 'NMF.nae_to_sat' depends on axioms: [propext, Quot.sound]
ℹ [2435/2438] Replayed Perturbation
info: Perturbation.lean:224:0: 'NMF.accepted_base_loss' depends on axioms: [propext, Classical.choice, Quot.sound]
info: Perturbation.lean:225:0: 'NMF.perturbation_loss_lower' depends on axioms: [propext, Classical.choice, Quot.sound]
info: Perturbation.lean:227:0: 'NMF.chosen_parameter_bounds' depends on axioms: [propext, Classical.choice, Quot.sound]
info: Perturbation.lean:229:0: 'NMF.accepted_factor_rounding' depends on axioms: [propext, Classical.choice, Quot.sound]
✖ [2437/2438] Building CutMatrix (8.3s)
trace: .> LEAN_PATH=/Users/xiweipan/Codes/nonnegative-rank-two-approximation/formal/.lake/packages/Cli/.lake/build/lib/lean:/Users/xiweipan/Codes/nonnegative-rank-two-approximation/formal/.lake/packages/batteries/.lake/build/lib/lean:/Users/xiweipan/Codes/nonnegative-rank-two-approximation/formal/.lake/packages/Qq/.lake/build/lib/lean:/Users/xiweipan/Codes/nonnegative-rank-two-approximation/formal/.lake/packages/aesop/.lake/build/lib/lean:/Users/xiweipan/Codes/nonnegative-rank-two-approximation/formal/.lake/packages/proofwidgets/.lake/build/lib/lean:/Users/xiweipan/Codes/nonnegative-rank-two-approximation/formal/.lake/packages/importGraph/.lake/build/lib/lean:/Users/xiweipan/Codes/nonnegative-rank-two-approximation/formal/.lake/packages/LeanSearchClient/.lake/build/lib/lean:/Users/xiweipan/Codes/nonnegative-rank-two-approximation/formal/.lake/packages/plausible/.lake/build/lib/lean:/Users/xiweipan/Codes/nonnegative-rank-two-approximation/formal/.lake/packages/mathlib/.lake/build/lib/lean:/Users/xiweipan/Codes/nonnegative-rank-two-approximation/formal/.lake/build/lib/lean /Users/xiweipan/.elan/toolchains/leanprover--lean4---v4.32.2/bin/lean /Users/xiweipan/Codes/nonnegative-rank-two-approximation/formal/CutMatrix.lean -o /Users/xiweipan/Codes/nonnegative-rank-two-approximation/formal/.lake/build/lib/lean/CutMatrix.olean -i /Users/xiweipan/Codes/nonnegative-rank-two-approximation/formal/.lake/build/lib/lean/CutMatrix.ilean -c /Users/xiweipan/Codes/nonnegative-rank-two-approximation/formal/.lake/build/ir/CutMatrix.c --setup /Users/xiweipan/Codes/nonnegative-rank-two-approximation/formal/.lake/build/ir/CutMatrix.setup.json --json
warning: CutMatrix.lean:24:38: This simp argument is unused:
  Finset.sum_ite

Hint: Omit it from the simp argument list.
  simp [blockMatrix, hi, mul_ite, F̵i̵n̵s̵e̵t̵.̵s̵u̵m̵_̵i̵t̵e̵,̵ ̵hcompl, ← Finset.sum_mul, mul_comm]

Note: This linter can be disabled with `set_option linter.unusedSimpArgs false`
warning: CutMatrix.lean:24:54: This simp argument is unused:
  hcompl

Hint: Omit it from the simp argument list.
  simp [blockMatrix, hi, mul_ite, Finset.sum_ite, h̵c̵o̵m̵p̵l̵,̵ ̵← Finset.sum_mul, mul_comm]

Note: This linter can be disabled with `set_option linter.unusedSimpArgs false`
error: CutMatrix.lean:84:49: unsolved goals
n : ℕ
S : Finset (Fin n)
hSpos : 0 < S.card
hSlt : S.card < n
ε : ℝ
ha : ↑S.card ≠ 0
hb : ↑(n - S.card) ≠ 0
hcompl : {i | i ∉ S} = Sᶜ
heq :
  (∑ i, if i ∈ S then (↑S.card)⁻¹ else if i ∉ S then (↑(n - S.card))⁻¹ else 0) =
    ∑ i, if i ∈ S then (↑S.card)⁻¹ else (↑(n - S.card))⁻¹
⊢ 1 + 1 = 2
warning: CutMatrix.lean:97:40: This simp argument is unused:
  Finset.sum_ite

Hint: Omit it from the simp argument list.
  simp [blockMatrix, hi, ite_pow, F̵i̵n̵s̵e̵t̵.̵s̵u̵m̵_̵i̵t̵e̵,̵ ̵← Finset.mul_sum]

Note: This linter can be disabled with `set_option linter.unusedSimpArgs false`
warning: CutMatrix.lean:97:56: This simp argument is unused:
  ← Finset.mul_sum

Hint: Omit it from the simp argument list.
  simp [blockMatrix, hi, ite_pow, Finset.sum_ite,̵ ̵←̵ ̵F̵i̵n̵s̵e̵t̵.̵m̵u̵l̵_̵s̵u̵m̵]

Note: Simp arguments with `←` have the additional effect of removing the other direction from the simp set, even if the simp argument itself is unused. If the hint above does not work, try replacing `←` with `-` to only get that effect and silence this warning.

Note: This linter can be disabled with `set_option linter.unusedSimpArgs false`
info: CutMatrix.lean:146:0: 'NMF.block_pairing_cut' depends on axioms: [propext, Classical.choice, Quot.sound]
info: CutMatrix.lean:147:0: 'NMF.base_block_pairing' depends on axioms: [propext, Classical.choice, Quot.sound]
info: CutMatrix.lean:149:0: 'NMF.block_perturbed_loss' depends on axioms: [propext, sorryAx, Classical.choice, Quot.sound]
info: CutMatrix.lean:150:0: 'NMF.block_has_nonnegative_factors' depends on axioms: [propext, Classical.choice, Quot.sound]
error: Lean exited with code 1
Some required targets logged failures:
- CutMatrix
error: build failed
