✖ [2428/2429] Building Stability (10s)
trace: .> LEAN_PATH=/Users/xiweipan/Codes/reduction-research/campaigns/nonnegative-rank-two-approximation/formal/.lake/packages/Cli/.lake/build/lib/lean:/Users/xiweipan/Codes/reduction-research/campaigns/nonnegative-rank-two-approximation/formal/.lake/packages/batteries/.lake/build/lib/lean:/Users/xiweipan/Codes/reduction-research/campaigns/nonnegative-rank-two-approximation/formal/.lake/packages/Qq/.lake/build/lib/lean:/Users/xiweipan/Codes/reduction-research/campaigns/nonnegative-rank-two-approximation/formal/.lake/packages/aesop/.lake/build/lib/lean:/Users/xiweipan/Codes/reduction-research/campaigns/nonnegative-rank-two-approximation/formal/.lake/packages/proofwidgets/.lake/build/lib/lean:/Users/xiweipan/Codes/reduction-research/campaigns/nonnegative-rank-two-approximation/formal/.lake/packages/importGraph/.lake/build/lib/lean:/Users/xiweipan/Codes/reduction-research/campaigns/nonnegative-rank-two-approximation/formal/.lake/packages/LeanSearchClient/.lake/build/lib/lean:/Users/xiweipan/Codes/reduction-research/campaigns/nonnegative-rank-two-approximation/formal/.lake/packages/plausible/.lake/build/lib/lean:/Users/xiweipan/Codes/reduction-research/campaigns/nonnegative-rank-two-approximation/formal/.lake/packages/mathlib/.lake/build/lib/lean:/Users/xiweipan/Codes/reduction-research/campaigns/nonnegative-rank-two-approximation/formal/.lake/build/lib/lean /Users/xiweipan/.elan/toolchains/leanprover--lean4---v4.32.2/bin/lean /Users/xiweipan/Codes/reduction-research/campaigns/nonnegative-rank-two-approximation/formal/Stability.lean -o /Users/xiweipan/Codes/reduction-research/campaigns/nonnegative-rank-two-approximation/formal/.lake/build/lib/lean/Stability.olean -i /Users/xiweipan/Codes/reduction-research/campaigns/nonnegative-rank-two-approximation/formal/.lake/build/lib/lean/Stability.ilean -c /Users/xiweipan/Codes/reduction-research/campaigns/nonnegative-rank-two-approximation/formal/.lake/build/ir/Stability.c --setup /Users/xiweipan/Codes/reduction-research/campaigns/nonnegative-rank-two-approximation/formal/.lake/build/ir/Stability.setup.json --json
error: Stability.lean:230:4: Type mismatch: After simplification, term
  LinearMap.IsProj.isIdempotentElem hp
 has type
  IsIdempotentElem p
but is expected to have type
  p ∘ₗ p = p
error: Stability.lean:234:4: Type mismatch
  hp.map_id ((Matrix.toEuclideanLin Y) x) (Exists.intro x rfl)
has type
  p ((Matrix.toEuclideanLin Y) x) = (Matrix.toEuclideanLin Y) x
but is expected to have type
  ((p ∘ₗ (Matrix.toLpLin 2 2) Y) x).ofLp i✝ = ((Matrix.toEuclideanLin Y) x).ofLp i✝
error: Stability.lean:240:4: Type mismatch: After simplification, term
  htr
 has type
  @Eq ℝ ((LinearMap.toMatrix (PiLp.basisFun 2 ℝ (Fin n)) (PiLp.basisFun 2 ℝ (Fin n))) p).trace ↑(Module.finrank ℝ ↥K)
but is expected to have type
  @Eq ℝ P.trace ↑(Module.finrank ℝ ↥K)
info: Stability.lean:244:0: 'NMF.endpoint_identity' depends on axioms: [propext, Classical.choice, Quot.sound]
info: Stability.lean:245:0: 'NMF.endpoint_distance' depends on axioms: [propext, Classical.choice, Quot.sound]
info: Stability.lean:246:0: 'NMF.endpoint_rounding' depends on axioms: [propext, Classical.choice, Quot.sound]
info: Stability.lean:248:0: 'NMF.nonnegative_endpoint_rounding' depends on axioms: [propext, Classical.choice, Quot.sound]
info: Stability.lean:250:0: 'NMF.normalize_error' depends on axioms: [propext, Classical.choice, Quot.sound]
info: Stability.lean:252:0: 'NMF.projection_error_split' depends on axioms: [propext, Classical.choice, Quot.sound]
info: Stability.lean:254:0: 'NMF.projection_base_residual' depends on axioms: [propext, Classical.choice, Quot.sound]
info: Stability.lean:256:0: 'NMF.projection_ones_trace' depends on axioms: [propext, Classical.choice, Quot.sound]
info: Stability.lean:258:0: 'NMF.projection_error_identity' depends on axioms: [propext, Classical.choice, Quot.sound]
info: Stability.lean:260:0: 'NMF.near_optimal_projection_bounds' depends on axioms: [propext, Classical.choice, Quot.sound]
info: Stability.lean:262:0: 'NMF.exists_column_projection' depends on axioms: [propext, sorryAx, Classical.choice, Quot.sound]
error: Lean exited with code 1
Some required targets logged failures:
- Stability
error: build failed
