✔ [273/1233] Built Mathlib.Tactic.Linter.DirectoryDependency (4.3s)
✔ [274/1233] Built Mathlib.Tactic.Linter.Header (5.7s)
✔ [275/1233] Built Mathlib.Lean.Environment (3.1s)
✔ [276/1233] Built Mathlib.Tactic.TypeStar (3.2s)
✔ [277/1233] Built Mathlib.Tactic.Linter.PrivateModule (3.5s)
✔ [278/1233] Built Mathlib.Tactic.Linter.TacticDocumentation (3.4s)
✔ [279/1233] Built Mathlib.Tactic.Linter.UnusedTacticExtension (3.9s)
✔ [280/1233] Built Mathlib.Util.ParseCommand (3.0s)
✔ [281/1233] Built Mathlib.Tactic.Linter.OldObtain (2.6s)
✔ [282/1233] Built Mathlib.Lean.Elab.Tactic.Meta (3.2s)
✔ [283/1233] Built Mathlib.Tactic.Linter.Multigoal (3.3s)
✔ [284/1233] Built Mathlib.Tactic.MinImports (6.7s)
✔ [285/1233] Built Mathlib.Tactic.Linter.Whitespace (7.2s)
✔ [286/1233] Built Mathlib.Tactic.Linter.HashCommandLinter (4.1s)
✔ [287/1233] Built Mathlib.Tactic.DeclarationNames (2.7s)
✔ [288/1233] Built Mathlib.Lean.Expr.Basic (6.3s)
✔ [289/1233] Built Mathlib.Tactic.Linter.GlobalAttributeIn (3.5s)
✔ [290/1233] Built Mathlib.Tactic.Linter.EmptyLine (4.3s)
✔ [291/1233] Built Mathlib.Tactic.Linter.AuxLemma (2.3s)
✔ [292/1233] Built Mathlib.Tactic.Lemma (2.3s)
✔ [293/1233] Built Mathlib.Tactic.Linter.DocString (5.0s)
✔ [294/1233] Built Mathlib.Lean.Linter (2.1s)
✔ [295/1233] Built Mathlib.Tactic.Linter.DeprecatedSyntaxLinter (4.6s)
✔ [296/1233] Built Mathlib.Tactic.AdaptationNote (3.6s)
✔ [297/1233] Built Mathlib.Tactic.Linter.DocPrime (5.0s)
✔ [298/1233] Built Mathlib.Lean.Elab.InfoTree (2.9s)
✔ [299/1233] Built Mathlib.Tactic.Linter.FlexibleLinter (10s)
✔ [300/1233] Built Mathlib.Lean.ContextInfo (2.9s)
✔ [301/1233] Built Mathlib.Tactic.Linter.UnusedTactic (3.9s)
✔ [302/1233] Built Mathlib.Data.Ineq (2.2s)
✔ [303/1233] Built Mathlib.Tactic.Linter.Lint (2.8s)
✔ [304/1233] Built Mathlib.Tactic.Lift (5.8s)
✔ [305/1233] Built Mathlib.Tactic.Linter.MinImports (5.1s)
✔ [306/1233] Built Mathlib.Tactic.ExtractGoal (4.8s)
✔ [307/1233] Built Mathlib.Util.PrintSorries (3.1s)
✔ [308/1233] Built Mathlib.Tactic.Linter.UnusedInstancesInType (3.2s)
✔ [309/1233] Built Mathlib.Tactic.Linter.Style (6.2s)
✔ [310/1233] Built Mathlib.Tactic.TacticAnalysis (2.7s)
✔ [311/1233] Built Mathlib.Tactic.Linter.OverlappingInstances (3.3s)
✔ [312/1233] Built Mathlib.Tactic.TacticAnalysis.Declarations (3.6s)
✔ [313/1233] Built Mathlib.Init (2.2s)
✔ [314/1233] Built Mathlib.Lean.Meta.Tactic.Rewrite (2.6s)
✔ [315/1233] Built Mathlib.Tactic.TryThis (3.1s)
✔ [316/1233] Built Mathlib.Util.ElabWithoutMVars (3.1s)
✔ [317/1233] Built Mathlib.Lean.Expr.Rat (3.3s)
✔ [318/1233] Built Mathlib.Util.SynthesizeUsing (3.6s)
✔ [319/1233] Built Mathlib.Tactic.Linarith.Oracle.SimplexAlgorithm.Datatypes (3.7s)
✔ [320/1233] Built Mathlib.Tactic.Bound.Init (3.8s)
✔ [321/1233] Built Mathlib.Util.Qq (3.9s)
✔ [322/1233] Built Mathlib.Data.Int.DivMod (2.5s)
✔ [323/1233] Built Mathlib.Data.List.Monad (2.6s)
✔ [324/1233] Built Mathlib.Tactic.HaveI (3.4s)
✔ [325/1233] Built Mathlib.Data.Finset.Attr (3.1s)
✔ [326/1233] Built Mathlib.Logic.OpClass (3.0s)
✔ [327/1233] Built Mathlib.Tactic.Monotonicity.Attr (3.3s)
✔ [328/1233] Built Mathlib.Tactic.SetLike (3.6s)
✔ [329/1233] Built Mathlib.Control.ULift (4.4s)
✔ [330/1233] Built Mathlib.Logic.Function.CompTypeclasses (3.6s)
✔ [331/1233] Built Mathlib.Data.Prod.PProd (3.8s)
✔ [332/1233] Built Mathlib.Util.PPOptions (3.9s)
